Performing system checks...

System check identified no issues (0 silenced).
May 06, 2026 - 22:12:19
Django version 5.2.13, using settings 'sima.settings'
Starting development server at http://127.0.0.1:8010/
Quit the server with CTRL-BREAK.

WARNING: This is a development server. Do not use it in a production setting. Use a production WSGI or ASGI server instead.
For more information on production servers see: https://docs.djangoproject.com/en/5.2/howto/deployment/
Performing system checks...

System check identified no issues (0 silenced).
May 06, 2026 - 23:31:23
Django version 5.2.13, using settings 'sima.settings'
Starting development server at http://127.0.0.1:8010/
Quit the server with CTRL-BREAK.

WARNING: This is a development server. Do not use it in a production setting. Use a production WSGI or ASGI server instead.
For more information on production servers see: https://docs.djangoproject.com/en/5.2/howto/deployment/
Performing system checks...

System check identified no issues (0 silenced).
May 06, 2026 - 23:31:51
Django version 5.2.13, using settings 'sima.settings'
Starting development server at http://127.0.0.1:8010/
Quit the server with CTRL-BREAK.

WARNING: This is a development server. Do not use it in a production setting. Use a production WSGI or ASGI server instead.
For more information on production servers see: https://docs.djangoproject.com/en/5.2/howto/deployment/
Performing system checks...

System check identified no issues (0 silenced).
May 06, 2026 - 23:31:55
Django version 5.2.13, using settings 'sima.settings'
Starting development server at http://127.0.0.1:8010/
Quit the server with CTRL-BREAK.

WARNING: This is a development server. Do not use it in a production setting. Use a production WSGI or ASGI server instead.
For more information on production servers see: https://docs.djangoproject.com/en/5.2/howto/deployment/
Performing system checks...

System check identified no issues (0 silenced).
May 07, 2026 - 07:35:25
Django version 5.2.13, using settings 'sima.settings'
Starting development server at http://127.0.0.1:8010/
Quit the server with CTRL-BREAK.

WARNING: This is a development server. Do not use it in a production setting. Use a production WSGI or ASGI server instead.
For more information on production servers see: https://docs.djangoproject.com/en/5.2/howto/deployment/
Performing system checks...

System check identified no issues (0 silenced).
May 07, 2026 - 07:35:29
Django version 5.2.13, using settings 'sima.settings'
Starting development server at http://127.0.0.1:8010/
Quit the server with CTRL-BREAK.

WARNING: This is a development server. Do not use it in a production setting. Use a production WSGI or ASGI server instead.
For more information on production servers see: https://docs.djangoproject.com/en/5.2/howto/deployment/
Performing system checks...

System check identified no issues (0 silenced).
May 07, 2026 - 07:41:21
Django version 5.2.13, using settings 'sima.settings'
Starting development server at http://127.0.0.1:8010/
Quit the server with CTRL-BREAK.

WARNING: This is a development server. Do not use it in a production setting. Use a production WSGI or ASGI server instead.
For more information on production servers see: https://docs.djangoproject.com/en/5.2/howto/deployment/
